probe test_round10 :: informational, no assertions (10963ms)
probe test_round11 :: informational, no assertions (10109ms)
probe test_round12 :: informational, no assertions (10527ms)
probe test_round13 :: informational, no assertions (8985ms)
=== test_round15 :: 48/50 passed (115108ms) [isolated]
FAIL  L1 fires the LEFT hand only   [l1Left=false notRight=true]
FAIL  R1 fires the RIGHT hand   [false]
ok  test_round16 :: 31/31 passed (32317ms)
ok  test_round17 :: 34/34 passed (118129ms) [isolated]
=== test_round19 :: 31/33 passed (85658ms) [isolated]
FAIL  grass and street both still have variety   [["cityStone:0","cityStone:1","cityStone:10","cityStone:11","cityStone:12","cityStone:13","cityStone:14","cityStone:15","cityStone:2","cityStone:3","cityStone:4","cityStone:5","cityStone:6","cityStone:7","cityStone:8","cityStone:9","cityTile:0","cityTile:1","cityTile:10","cityTile:11","cityTile:12","cityTile:13","cityTile:14","cityTile:15","cityTile:2","cityTile:3","cityTile:4","cityTile:5","cityTile:6","cityTile:7","cityTile:8","cityTile:9"]]
FAIL  the town has its own trees now   [n=6]
ok  test_round20 :: 20/20 passed (31969ms)
ok  test_round21 :: 20/20 passed (17904ms)
=== test_round22 :: 41 pass / 5 fail (54327ms) [isolated]
FAIL  the doormat raises a "step outside" prompt  -- Press E to talk to Bram the Smith
FAIL  E on the doormat puts the player back outside  -- blacksmith
FAIL  the player comes out beside the blacksmith, in town  -- 51692 from town centre
=== test_round23 :: 39/44 passed (83433ms) [isolated]
FAIL  the prop atlas loaded all 67 cells  -- 104 (8x9 grid)
FAIL  every prop has its own atlas cell, numbered 0..n  -- 97 props
FAIL  no two props share a source image  -- [["FURN0",["rostrum","benchRed"]],["FURN1",["tableRed","bedRough"]],["FURN2",["stoolRound","bedIron"]],["FURN3",["chairPadded","benchWood"]],["FURN4",["tableSmall","bedQuilt"]],["FURN5",["chairWhite","benchStone"]],["FURN6",["tableRound","bedCanopy"]],["FURN7",["chairPlain","podiumPale"]],["FURN8",["tableLong","shrineNiche"]],["FURN9",["tableDark","footstool"]],["FURN10",["benchLow","benchSlab"]],["FURN11",["tableRoundBig","podiumCarved"]],["FURN12",["rockingChair","benchIron"]],["FURN13",["stoolWood","podiumPlain"]],["FURN14",["stoolSquare","benchGarden"]]]
=== test_round24 :: 30/31 passed (62383ms) [isolated]
FAIL  round 23 still intact: guards and interiors  -- 2 watch of 6 guards, 447 door ends
ok  test_round27 :: 58 passed, 0 failed (16028ms)
=== test_round28 :: 35 passed, 3 failed (43936ms) [isolated]
  FAIL  whip hits exactly one target in a crowd
  FAIL  sweeping weapons hit the crowd
  FAIL  a monster sprite follows the monster
ok  test_round29 :: 57 passed, 0 failed (46214ms) [isolated]
ok  test_round30 :: 22 passed, 0 failed (10028ms)
ok  test_round31 :: 33 passed, 0 failed (10218ms)
ok  test_round32 :: 36 passed, 0 failed (66231ms) [isolated]
ok  test_round35 :: 1 pass / 0 fail (19109ms)
ok  test_round36 :: 1 pass / 0 fail (19261ms)
=== test_round38 :: 1 pass / 1 fail (65176ms) [isolated]
FAIL 2:
ok  test_round40 :: PASS 53  FAIL 0 (5822ms)
=== test_round41 :: PASS 58  FAIL 3 (53887ms) [isolated]
(no FAIL lines; the suite's own summary reports 3 failing)
=== test_round43 :: PASS 53  FAIL 4 (57613ms) [isolated]
(no FAIL lines; the suite's own summary reports 4 failing)
ok  test_round44 :: PASS 74  FAIL 0 (48471ms) [isolated]
=== test_round45 :: PASS 36  FAIL 1 (33951ms) [isolated]
(no FAIL lines; the suite's own summary reports 1 failing)
ok  test_round46 :: PASS 31  FAIL 0 (33521ms) [isolated]
=== test_round47 :: 36/39 passed (60335ms) [isolated]
FAILED: item5_hp_trigger_fires_once_per_wounding, item5_crit_empowers_next_spell_once, item5_crit_drought_guarantees_next_strike
ok  test_round47_ui :: 37/37 passed (10920ms)
DEAD test_round48_agentA :: exit 1, no assertions (92845ms) [isolated]
A3) generator: {"deterministic":true,"distinct":396,"of":400,"undeadGraveWords":200,"beastClawWords":200,"namesTypeInside":112,"sample":["Miregorge the Ichorling","Wretchbrine the Flenser","Murkichor the Engulfer","The Blackbrine Devourer","The Slaughterchitin Nestlord"]}
A4) active list: {"rows":[{"head":"Break the Far Field","sub":"Kill 5 Pallidjaw anywhere in The Nek. — rank 1 — 500 coins — 0 / 5"}]}
errors: 0 | 404s: 0
RESULT: FAIL
ok  test_round48_agentB :: ALL CHECKS PASSED (124303ms) [isolated]
probe test_round48_gen :: informational, no assertions (45262ms)
=== test_round48_runtime :: 22/27 passed (71101ms) [isolated]
FAILED: reach_buff_is_applied_by_the_cast, ally_aura_bearer_gains_resistance_per_ally, ally_aura_dot_chance_procs_on_typed_damage, fate_crit_reroll_turns_a_failed_roll_into_a_crit, fate_a_reroll_that_misses_is_still_shown
ok  test_round48_wire :: 6/6 passed (23793ms)
ok  test_round49_integrity :: PASS 16  FAIL 0 (29098ms) [isolated]
ok  test_round49_outline :: PASS 51  FAIL 0 (40305ms) [isolated]
ok  test_round49_party :: PASS 37  FAIL 0 (5615ms)
ok  test_round49_stats :: PASS 34  FAIL 0 (5060ms)
ok  test_round49_stealth :: PASS 45  FAIL 0 (38893ms) [isolated]
=== test_round49_taunt :: 20 passed, 2 failed (121060ms) [isolated]
FAIL  5. expiry: holds for its duration, then reverts to normal aggro
FAIL  7. the game still boots and plays
ok  test_round49_team :: PASS 23  FAIL 0 (5959ms)
ok  test_round50 :: 44/44 passed (4949ms)
probe test_round50_city :: informational, no assertions (7464ms)
probe test_round50_depth :: informational, no assertions (20957ms)
probe test_round50_probe :: informational, no assertions (4839ms)
probe test_round50_shot :: informational, no assertions (6271ms)
ok  test_round51_charters :: 24/24 passed (12064ms)
ok  test_round52_hot :: 35/35 passed (11342ms)
ok  test_round52_scaling :: 33/33 passed (8235ms)
ok  test_round55 :: 38/38 passed (18812ms)
ok  test_round56 :: 47/47 passed (26816ms)
ok  test_round57 :: 61/61 passed (21091ms)
ok  test_round58 :: 28/28 passed (21999ms)
ok  test_round59 :: 35/35 passed (43034ms)
DEAD test_round5_essence :: exit 1, no assertions (53907ms) [isolated]
  name: 'TimeoutError'
}

Node.js v22.22.2
probe test_round5_regression :: informational, no assertions (18751ms)
probe test_round6 :: informational, no assertions (11387ms)
ok  test_round60 :: 26/26 passed (106768ms) [isolated]
ok  test_round61 :: 18/18 passed (9104ms)
ok  test_round62 :: 25/25 passed (26462ms)
ok  test_round63 :: 20/20 passed (28780ms)
ok  test_round64 :: 16 pass / 0 fail (58204ms) [isolated]
=== test_round65 :: 39/40 passed (60410ms) [isolated]
  FAIL  and the settlement shopkeepers are visible at last — 13 keepers, 20 invisible NPCs in the world
=== test_round66 :: 42/46 passed (65308ms) [isolated]
  FAIL  the Division script has no internal faults — ["act 0 is too short to be an act"]
  FAIL  Act 0 is eight pages — 2
  FAIL  every page is reachable, not just the first — 2 pages
ok  test_round67 :: 31/31 passed (5356ms)
ok  test_round68 :: 50/50 passed (12895ms)
=== test_round69 :: 17/18 passed (37062ms) [isolated]
  FAIL  no page errors — C [sparkstone] update fault (frame skipped): TypeError: Cannot read properties of undefined (reading 'sys')
probe test_round6_regression :: informational, no assertions (17277ms)
probe test_round7 :: informational, no assertions (10521ms)
ok  test_round71 :: 30/30 passed (12786ms)
ok  test_round72 :: 33/33 passed (7499ms)
=== test_round73 :: 45/46 passed (22172ms) [isolated]
  FAIL  and it actually damages a monster, through the real update path — 2 damage to one of 16 live monsters
ok  test_round74 :: 74/74 passed (15978ms)
ok  test_round75 :: 1 pass / 0 fail (37471ms)
ok  test_round75b :: 1 pass / 0 fail (22470ms)
ok  test_round76b :: 24 pass / 0 fail (23172ms)
ok  test_round76c :: 19 pass / 0 fail (30088ms)
ok  test_round76d :: 26 pass / 0 fail (22749ms)
=== test_round76e :: 23 pass / 1 fail (82771ms) [isolated]
FAIL the story data is clean :: act 0 is too short to be an act
ok  test_round76f :: 21 pass / 0 fail (65126ms) [isolated]
ok  test_round77a :: 26 pass / 0 fail (100160ms) [isolated]
ok  test_round77b :: 26 pass / 0 fail (32331ms)
ok  test_round78a :: 29 pass / 0 fail (24288ms)
ok  test_round78b :: 24 pass / 0 fail (22893ms)
ok  test_round78c :: 14 pass / 0 fail (22791ms)
ok  test_round79a :: 23 pass / 0 fail (39355ms)
ok  test_round79b :: 21 pass / 0 fail (22410ms)
ok  test_round79c :: 17 pass / 0 fail (35389ms)
probe test_round8 :: informational, no assertions (10468ms)
ok  test_round80_pad :: 14 pass / 0 fail (59032ms) [isolated]
ok  test_round80_saves :: 14 pass / 0 fail (28897ms)
ok  test_round81 :: 22 pass / 0 fail (23247ms)
=== test_round82 :: 29 pass / 1 fail (197043ms) [isolated]
FAIL 83  the second page reached the sewer
ok  test_round85 :: 34 pass / 0 fail (71556ms) [isolated]
ok  test_round87 :: 13 pass / 0 fail (54793ms) [isolated]
probe test_round9 :: informational, no assertions (10533ms)
