probe test_round10 :: informational, no assertions (12424ms)
probe test_round11 :: informational, no assertions (12688ms)
probe test_round12 :: informational, no assertions (11934ms)
probe test_round13 :: informational, no assertions (29108ms)
ok  test_round15 :: 50/50 passed (17169ms)
ok  test_round16 :: 31/31 passed (20784ms)
ok  test_round17 :: 34/34 passed (33663ms)
=== test_round19 :: 31/33 passed (77941ms) [isolated]
FAIL  grass and street both still have variety   [["cityStone:0","cityStone:1","cityStone:10","cityStone:11","cityStone:12","cityStone:13","cityStone:14","cityStone:15","cityStone:2","cityStone:3","cityStone:4","cityStone:5","cityStone:6","cityStone:7","cityStone:8","cityStone:9","cityTile:0","cityTile:1","cityTile:10","cityTile:11","cityTile:12","cityTile:13","cityTile:14","cityTile:15","cityTile:2","cityTile:3","cityTile:4","cityTile:5","cityTile:6","cityTile:7","cityTile:8","cityTile:9"]]
FAIL  the town has its own trees now   [n=6]
ok  test_round20 :: 20/20 passed (19437ms)
ok  test_round21 :: 20/20 passed (20850ms)
=== test_round22 :: 41 pass / 5 fail (56646ms) [isolated]
FAIL  the doormat raises a "step outside" prompt  -- Press E to talk to Bram the Smith
FAIL  E on the doormat puts the player back outside  -- blacksmith
FAIL  the player comes out beside the blacksmith, in town  -- 51692 from town centre
=== test_round23 :: 39/44 passed (99697ms) [isolated]
FAIL  the prop atlas loaded all 67 cells  -- 104 (8x9 grid)
FAIL  every prop has its own atlas cell, numbered 0..n  -- 97 props
FAIL  no two props share a source image  -- [["FURN0",["rostrum","benchRed"]],["FURN1",["tableRed","bedRough"]],["FURN2",["stoolRound","bedIron"]],["FURN3",["chairPadded","benchWood"]],["FURN4",["tableSmall","bedQuilt"]],["FURN5",["chairWhite","benchStone"]],["FURN6",["tableRound","bedCanopy"]],["FURN7",["chairPlain","podiumPale"]],["FURN8",["tableLong","shrineNiche"]],["FURN9",["tableDark","footstool"]],["FURN10",["benchLow","benchSlab"]],["FURN11",["tableRoundBig","podiumCarved"]],["FURN12",["rockingChair","benchIron"]],["FURN13",["stoolWood","podiumPlain"]],["FURN14",["stoolSquare","benchGarden"]]]
=== test_round24 :: 30/31 passed (65922ms) [isolated]
FAIL  round 23 still intact: guards and interiors  -- 2 watch of 6 guards, 447 door ends
ok  test_round27 :: 58 passed, 0 failed (34312ms)
=== test_round28 :: 36 passed, 2 failed (76332ms) [isolated]
  FAIL  whip hits exactly one target in a crowd -- NO CROWD TO SWING AT: monster roster is 2. This is not a targeting failure -- the geometry was never exercised. Fix the setup, not _weaponHitTargets.
  FAIL  sweeping weapons hit the crowd -- no crowd -- see above
ok  test_round29 :: 57 passed, 0 failed (49089ms) [isolated]
ok  test_round30 :: 22 passed, 0 failed (10434ms)
ok  test_round31 :: 33 passed, 0 failed (11422ms)
ok  test_round32 :: 36 passed, 0 failed (64334ms) [isolated]
ok  test_round35 :: 1 pass / 0 fail (20959ms)
ok  test_round36 :: 1 pass / 0 fail (19431ms)
=== test_round38 :: 1 pass / 1 fail (67141ms) [isolated]
FAIL 2:
ok  test_round40 :: PASS 53  FAIL 0 (6525ms)
=== test_round41 :: PASS 58  FAIL 3 (61147ms) [isolated]
(no FAIL lines; the suite's own summary reports 3 failing)
=== test_round43 :: PASS 54  FAIL 3 (46028ms) [isolated]
(no FAIL lines; the suite's own summary reports 3 failing)
ok  test_round44 :: PASS 74  FAIL 0 (58443ms) [isolated]
=== test_round45 :: PASS 36  FAIL 1 (36935ms) [isolated]
(no FAIL lines; the suite's own summary reports 1 failing)
ok  test_round46 :: PASS 31  FAIL 0 (22775ms)
=== test_round47 :: 36/39 passed (64358ms) [isolated]
FAILED: item5_hp_trigger_fires_once_per_wounding, item5_crit_empowers_next_spell_once, item5_crit_drought_guarantees_next_strike
ok  test_round47_ui :: 37/37 passed (12152ms)
DEAD test_round48_agentA :: exit 1, no assertions (87982ms) [isolated]
A3) generator: {"deterministic":true,"distinct":396,"of":400,"undeadGraveWords":200,"beastClawWords":200,"namesTypeInside":112,"sample":["Miregorge the Ichorling","Wretchbrine the Flenser","Murkichor the Engulfer","The Blackbrine Devourer","The Slaughterchitin Nestlord"]}
A4) active list: {"rows":[{"head":"Break the Far Field","sub":"Kill 5 Pallidjaw anywhere in The Nek. — rank 1 — 500 coins — 0 / 5"}]}
errors: 0 | 404s: 0
RESULT: FAIL
=== test_round48_agentB :: 40 pass / 1 fail (103509ms) [isolated]
FAIL  (c) The farm packs woke and spawned monsters  ->  awakePacks=0 liveMonsters=0
probe test_round48_gen :: informational, no assertions (47504ms)
=== test_round48_runtime :: 22/27 passed (78816ms) [isolated]
FAILED: reach_buff_is_applied_by_the_cast, ally_aura_bearer_gains_resistance_per_ally, ally_aura_dot_chance_procs_on_typed_damage, fate_crit_reroll_turns_a_failed_roll_into_a_crit, fate_a_reroll_that_misses_is_still_shown
ok  test_round48_wire :: 6/6 passed (28574ms)
ok  test_round49_integrity :: PASS 16  FAIL 0 (5962ms)
ok  test_round49_outline :: PASS 51  FAIL 0 (33476ms) [isolated]
ok  test_round49_party :: PASS 37  FAIL 0 (6424ms)
ok  test_round49_stats :: PASS 34  FAIL 0 (6663ms)
ok  test_round49_stealth :: PASS 45  FAIL 0 (6615ms)
=== test_round49_taunt :: 20 passed, 2 failed (117992ms) [isolated]
FAIL  5. expiry: holds for its duration, then reverts to normal aggro
FAIL  7. the game still boots and plays
ok  test_round49_team :: PASS 23  FAIL 0 (7415ms)
ok  test_round50 :: 44/44 passed (6000ms)
probe test_round50_city :: informational, no assertions (25637ms)
probe test_round50_depth :: informational, no assertions (8326ms)
probe test_round50_probe :: informational, no assertions (5720ms)
probe test_round50_shot :: informational, no assertions (7230ms)
ok  test_round51_charters :: 24/24 passed (15859ms)
ok  test_round52_hot :: 35/35 passed (12495ms)
ok  test_round52_scaling :: 33/33 passed (10670ms)
ok  test_round55 :: 38/38 passed (18640ms)
ok  test_round56 :: 47/47 passed (28613ms)
ok  test_round57 :: 61/61 passed (24329ms)
ok  test_round58 :: 28/28 passed (42488ms)
ok  test_round59 :: 35/35 passed (35832ms)
DEAD test_round5_essence :: exit 1, no assertions (104512ms) [isolated]
7) permanence= {"unequipButtons":0,"unsocketButtons":0,"saysPermanent":false,"confluence":"Action","rank":"iron","known":20}
FAIL: the permanence is not stated
7b) afterReequip= {"unequipButtons":0,"unsocketButtons":0,"saysPermanent":false,"confluence":"Action","rank":"iron","known":20}
ERRORS []
probe test_round5_regression :: informational, no assertions (19117ms)
probe test_round6 :: informational, no assertions (13854ms)
ok  test_round60 :: 26/26 passed (110333ms) [isolated]
ok  test_round61 :: 18/18 passed (9244ms)
ok  test_round62 :: 25/25 passed (31011ms)
ok  test_round63 :: 20/20 passed (31557ms)
ok  test_round64 :: 16 pass / 0 fail (58144ms) [isolated]
ok  test_round65 :: 40/40 passed (13154ms)
ok  test_round66 :: 46/46 passed (55201ms) [isolated]
ok  test_round67 :: 31/31 passed (6224ms)
ok  test_round68 :: 50/50 passed (31456ms)
ok  test_round69 :: 18/18 passed (12007ms)
probe test_round6_regression :: informational, no assertions (19107ms)
probe test_round7 :: informational, no assertions (13186ms)
ok  test_round71 :: 30/30 passed (14007ms)
ok  test_round72 :: 33/33 passed (9445ms)
=== test_round73 :: 45/46 passed (23455ms) [isolated]
  FAIL  and it actually damages a monster, through the real update path — 2 damage to one of 16 live monsters
ok  test_round74 :: 74/74 passed (19991ms)
ok  test_round75 :: 1 pass / 0 fail (39084ms)
ok  test_round75b :: 1 pass / 0 fail (23395ms)
ok  test_round76b :: 24 pass / 0 fail (23293ms)
ok  test_round76c :: 19 pass / 0 fail (31153ms)
ok  test_round76d :: 26 pass / 0 fail (39129ms)
ok  test_round76e :: 24 pass / 0 fail (23119ms)
ok  test_round76f :: 21 pass / 0 fail (22721ms)
ok  test_round77a :: 26 pass / 0 fail (95232ms) [isolated]
ok  test_round77b :: 26 pass / 0 fail (34577ms)
ok  test_round78a :: 29 pass / 0 fail (25905ms)
ok  test_round78b :: 24 pass / 0 fail (24713ms)
ok  test_round78c :: 14 pass / 0 fail (23376ms)
ok  test_round79a :: 23 pass / 0 fail (47618ms)
ok  test_round79b :: 21 pass / 0 fail (40752ms)
ok  test_round79c :: 17 pass / 0 fail (61305ms) [isolated]
probe test_round8 :: informational, no assertions (12264ms)
ok  test_round80_pad :: 14 pass / 0 fail (24048ms)
=== test_round80_saves :: 13 pass / 1 fail (71893ms) [isolated]
FAIL 2  and the save menu opens from behind an open panel, where the clock is frozen :: {"overlay":true,"titleOpen":false}
ok  test_round81 :: 22 pass / 0 fail (25733ms)
ok  test_round82 :: 47 pass / 0 fail (112087ms) [isolated]
ok  test_round85 :: 34 pass / 0 fail (61035ms) [isolated]
ok  test_round87 :: 13 pass / 0 fail (58820ms) [isolated]
ok  test_round88 :: 28 pass / 0 fail (57107ms) [isolated]
probe test_round9 :: informational, no assertions (13213ms)
